mode: set
du_ue/internal/uecontext/auth.go:28.102,42.19 9 0
du_ue/internal/uecontext/auth.go:42.19,44.3 1 0
du_ue/internal/uecontext/auth.go:47.2,48.33 2 0
du_ue/internal/uecontext/auth.go:48.33,51.3 2 0
du_ue/internal/uecontext/auth.go:54.2,57.17 4 0
du_ue/internal/uecontext/auth.go:57.17,65.24 5 0
du_ue/internal/uecontext/auth.go:65.24,67.4 1 0
du_ue/internal/uecontext/auth.go:69.3,71.9 3 0
du_ue/internal/uecontext/auth.go:74.2,79.24 3 0
du_ue/internal/uecontext/auth.go:79.24,81.3 1 0
du_ue/internal/uecontext/auth.go:82.2,91.8 5 0
du_ue/internal/uecontext/handle_n1mm.go:12.52,13.24 1 0
du_ue/internal/uecontext/handle_n1mm.go:13.24,16.3 2 0
du_ue/internal/uecontext/handle_n1mm.go:18.2,20.72 3 0
du_ue/internal/uecontext/handle_n1mm.go:20.72,23.3 2 0
du_ue/internal/uecontext/handle_n1mm.go:25.2,25.28 1 0
du_ue/internal/uecontext/handle_n1mm.go:28.61,30.16 2 0
du_ue/internal/uecontext/handle_n1mm.go:30.16,33.3 2 0
du_ue/internal/uecontext/handle_n1mm.go:35.2,36.16 2 0
du_ue/internal/uecontext/handle_n1mm.go:36.16,39.3 2 0
du_ue/internal/uecontext/handle_n1mm.go:41.2,41.21 1 0
du_ue/internal/uecontext/handle_n1mm.go:42.34,44.48 2 0
du_ue/internal/uecontext/handle_n1mm.go:46.40,48.60 2 0
du_ue/internal/uecontext/handle_n1mm.go:50.38,52.56 2 0
du_ue/internal/uecontext/handle_n1mm.go:54.37,57.35 3 0
du_ue/internal/uecontext/handle_n1mm.go:59.37,62.37 3 0
du_ue/internal/uecontext/handle_n1mm.go:64.39,67.37 3 0
du_ue/internal/uecontext/handle_n1mm.go:69.28,71.36 2 0
du_ue/internal/uecontext/handle_n1mm.go:73.33,75.46 2 0
du_ue/internal/uecontext/handle_n1mm.go:77.10,78.67 1 0
du_ue/internal/uecontext/handle_n1mm.go:82.52,83.18 1 0
du_ue/internal/uecontext/handle_n1mm.go:83.18,85.3 1 0
du_ue/internal/uecontext/handle_n1mm.go:88.84,93.2 4 0
du_ue/internal/uecontext/handle_n1mm.go:95.80,99.2 3 0
du_ue/internal/uecontext/handle_n1mm.go:101.62,103.2 1 0
du_ue/internal/uecontext/handle_n1mm.go:105.86,109.27 3 0
du_ue/internal/uecontext/handle_n1mm.go:109.27,111.3 1 0
du_ue/internal/uecontext/handle_n1mm.go:113.2,113.28 1 0
du_ue/internal/uecontext/handle_n1mm.go:113.28,115.3 1 0
du_ue/internal/uecontext/handle_n1mm.go:116.2,116.48 1 0
du_ue/internal/uecontext/handle_n1mm.go:116.48,118.3 1 0
du_ue/internal/uecontext/handle_n1mm.go:120.2,120.48 1 0
du_ue/internal/uecontext/handle_n1mm.go:120.48,122.3 1 0
du_ue/internal/uecontext/handle_n1mm.go:124.2,133.17 7 0
du_ue/internal/uecontext/handle_n1mm.go:135.24,142.17 5 0
du_ue/internal/uecontext/handle_n1mm.go:143.25,152.17 6 0
du_ue/internal/uecontext/handle_n1mm.go:154.20,164.74 7 0
du_ue/internal/uecontext/handle_n1mm.go:167.2,168.50 2 0
du_ue/internal/uecontext/handle_n1mm.go:171.82,173.109 1 0
du_ue/internal/uecontext/handle_n1mm.go:173.109,177.3 3 0
du_ue/internal/uecontext/handle_n1mm.go:179.2,180.23 2 0
du_ue/internal/uecontext/handle_n1mm.go:181.31,182.49 1 0
du_ue/internal/uecontext/handle_n1mm.go:183.31,184.53 1 0
du_ue/internal/uecontext/handle_n1mm.go:185.31,186.53 1 0
du_ue/internal/uecontext/handle_n1mm.go:187.31,188.53 1 0
du_ue/internal/uecontext/handle_n1mm.go:190.2,190.23 1 0
du_ue/internal/uecontext/handle_n1mm.go:191.31,192.51 1 0
du_ue/internal/uecontext/handle_n1mm.go:193.31,194.55 1 0
du_ue/internal/uecontext/handle_n1mm.go:195.31,196.55 1 0
du_ue/internal/uecontext/handle_n1mm.go:197.31,198.55 1 0
du_ue/internal/uecontext/handle_n1mm.go:201.2,202.50 2 0
du_ue/internal/uecontext/handle_n1mm.go:202.50,206.3 2 0
du_ue/internal/uecontext/handle_n1mm.go:209.2,221.33 6 0
du_ue/internal/uecontext/handle_n1mm.go:221.33,223.3 1 0
du_ue/internal/uecontext/handle_n1mm.go:225.2,227.50 3 0
du_ue/internal/uecontext/handle_n1mm.go:230.80,234.25 2 0
du_ue/internal/uecontext/handle_n1mm.go:234.25,237.3 2 0
du_ue/internal/uecontext/handle_n1mm.go:237.8,239.3 1 0
du_ue/internal/uecontext/handle_n1mm.go:242.2,251.12 7 0
du_ue/internal/uecontext/handle_n1mm.go:251.12,256.55 3 0
du_ue/internal/uecontext/handle_n1mm.go:256.55,258.4 1 0
du_ue/internal/uecontext/handle_n1mm.go:262.74,263.37 1 0
du_ue/internal/uecontext/handle_n1mm.go:264.37,265.37 1 0
du_ue/internal/uecontext/handle_n1mm.go:266.10,268.9 2 0
du_ue/internal/uecontext/handle_n1mm.go:272.2,276.19 3 0
du_ue/internal/uecontext/handle_n1mm.go:276.19,278.3 1 0
du_ue/internal/uecontext/handle_n1mm.go:278.8,280.3 1 0
du_ue/internal/uecontext/handle_n1mm.go:282.2,282.58 1 0
du_ue/internal/uecontext/handle_n1mm.go:282.58,284.3 1 0
du_ue/internal/uecontext/handle_n1mm.go:284.8,286.3 1 0
du_ue/internal/uecontext/handle_n1mm.go:289.72,290.77 1 0
du_ue/internal/uecontext/handle_n1mm.go:290.77,293.3 2 0
du_ue/internal/uecontext/handle_n1mm.go:295.2,295.33 1 0
du_ue/internal/uecontext/handle_n1mm.go:295.33,298.3 2 0
du_ue/internal/uecontext/handle_n1mm.go:301.2,302.16 2 0
du_ue/internal/uecontext/handle_n1mm.go:302.16,305.3 2 0
du_ue/internal/uecontext/handle_n1mm.go:308.2,308.28 1 0
du_ue/internal/uecontext/handle_n1sm.go:8.61,10.16 2 0
du_ue/internal/uecontext/handle_n1sm.go:10.16,13.3 2 0
du_ue/internal/uecontext/handle_n1sm.go:15.2,15.21 1 0
du_ue/internal/uecontext/handle_n1sm.go:16.48,19.76 2 0
du_ue/internal/uecontext/handle_n1sm.go:21.48,23.76 2 0
du_ue/internal/uecontext/handle_n1sm.go:25.43,27.66 2 0
du_ue/internal/uecontext/handle_n1sm.go:29.28,31.27 2 0
du_ue/internal/uecontext/handle_n1sm.go:31.27,33.4 1 0
du_ue/internal/uecontext/handle_n1sm.go:35.10,36.58 1 0
du_ue/internal/uecontext/handle_n1sm.go:41.98,43.16 1 0
du_ue/internal/uecontext/handle_n1sm.go:43.16,46.3 2 0
du_ue/internal/uecontext/handle_n1sm.go:47.2,49.23 2 0
du_ue/internal/uecontext/handle_n1sm.go:49.23,52.3 2 0
du_ue/internal/uecontext/handle_n1sm.go:53.2,53.37 1 0
du_ue/internal/uecontext/handle_n1sm.go:53.37,56.3 2 0
du_ue/internal/uecontext/handle_n1sm.go:59.2,63.23 3 0
du_ue/internal/uecontext/handle_n1sm.go:63.23,66.3 2 0
du_ue/internal/uecontext/handle_n1sm.go:69.2,69.27 1 0
du_ue/internal/uecontext/handle_n1sm.go:69.27,73.3 3 0
du_ue/internal/uecontext/handle_n1sm.go:75.2,82.20 2 0
du_ue/internal/uecontext/handle_n1sm.go:82.20,84.3 1 0
du_ue/internal/uecontext/handle_n1sm.go:87.2,87.23 1 0
du_ue/internal/uecontext/handle_n1sm.go:87.23,91.3 3 0
du_ue/internal/uecontext/handle_n1sm.go:94.2,95.57 2 0
du_ue/internal/uecontext/handle_n1sm.go:99.98,100.16 1 0
du_ue/internal/uecontext/handle_n1sm.go:100.16,103.3 2 0
du_ue/internal/uecontext/handle_n1sm.go:105.2,110.23 4 0
du_ue/internal/uecontext/handle_n1sm.go:110.23,113.3 2 0
du_ue/internal/uecontext/handle_n1sm.go:116.2,117.36 2 0
du_ue/internal/uecontext/handle_n1sm.go:121.88,123.16 1 0
du_ue/internal/uecontext/handle_n1sm.go:123.16,126.3 2 0
du_ue/internal/uecontext/handle_n1sm.go:127.2,131.23 4 0
du_ue/internal/uecontext/handle_n1sm.go:131.23,134.3 2 0
du_ue/internal/uecontext/handle_n1sm.go:137.2,137.53 1 0
du_ue/internal/uecontext/handle_n1sm.go:141.52,142.18 1 0
du_ue/internal/uecontext/handle_n1sm.go:142.18,144.3 1 0
du_ue/internal/uecontext/handle_n1sm.go:148.44,150.15 1 0
du_ue/internal/uecontext/handle_n1sm.go:151.10,152.34 1 0
du_ue/internal/uecontext/handle_n1sm.go:153.10,154.34 1 0
du_ue/internal/uecontext/handle_n1sm.go:155.10,156.36 1 0
du_ue/internal/uecontext/handle_n1sm.go:157.10,158.55 1 0
du_ue/internal/uecontext/handle_n1sm.go:159.10,160.41 1 0
du_ue/internal/uecontext/handle_n1sm.go:161.10,162.40 1 0
du_ue/internal/uecontext/handle_n1sm.go:163.10,164.51 1 0
du_ue/internal/uecontext/handle_n1sm.go:165.10,166.30 1 0
du_ue/internal/uecontext/handle_n1sm.go:167.10,168.32 1 0
du_ue/internal/uecontext/handle_n1sm.go:169.10,170.27 1 0
du_ue/internal/uecontext/handle_n1sm.go:171.10,172.34 1 0
du_ue/internal/uecontext/handle_n1sm.go:173.10,174.47 1 0
du_ue/internal/uecontext/handle_n1sm.go:175.10,176.50 1 0
du_ue/internal/uecontext/handle_n1sm.go:177.10,178.40 1 0
du_ue/internal/uecontext/handle_n1sm.go:179.10,180.44 1 0
du_ue/internal/uecontext/handle_n1sm.go:181.10,182.46 1 0
du_ue/internal/uecontext/handle_n1sm.go:183.10,184.36 1 0
du_ue/internal/uecontext/handle_n1sm.go:185.10,186.24 1 0
du_ue/internal/uecontext/handle_n1sm.go:187.10,188.46 1 0
du_ue/internal/uecontext/handle_n1sm.go:189.10,190.46 1 0
du_ue/internal/uecontext/handle_n1sm.go:191.10,192.38 1 0
du_ue/internal/uecontext/handle_n1sm.go:193.10,194.61 1 0
du_ue/internal/uecontext/handle_n1sm.go:195.10,196.34 1 0
du_ue/internal/uecontext/handle_n1sm.go:197.10,198.53 1 0
du_ue/internal/uecontext/handle_n1sm.go:199.10,200.45 1 0
du_ue/internal/uecontext/handle_n1sm.go:201.10,202.29 1 0
du_ue/internal/uecontext/handle_n1sm.go:203.10,204.83 1 0
du_ue/internal/uecontext/handle_n1sm.go:205.10,206.47 1 0
du_ue/internal/uecontext/handle_n1sm.go:207.10,208.50 1 0
du_ue/internal/uecontext/handle_n1sm.go:209.10,210.46 1 0
du_ue/internal/uecontext/handle_n1sm.go:211.10,212.42 1 0
du_ue/internal/uecontext/handle_n1sm.go:213.10,214.41 1 0
du_ue/internal/uecontext/handle_n1sm.go:215.10,216.56 1 0
du_ue/internal/uecontext/handle_n1sm.go:217.10,218.63 1 0
du_ue/internal/uecontext/handle_n1sm.go:219.10,220.63 1 0
du_ue/internal/uecontext/handle_n1sm.go:221.11,222.32 1 0
du_ue/internal/uecontext/handle_n1sm.go:223.11,224.58 1 0
du_ue/internal/uecontext/handle_n1sm.go:225.11,226.39 1 0
du_ue/internal/uecontext/handle_n1sm.go:227.10,228.25 1 0
du_ue/internal/uecontext/handle_rrc.go:9.65,11.31 2 0
du_ue/internal/uecontext/handle_rrc.go:11.31,14.3 2 0
du_ue/internal/uecontext/handle_rrc.go:16.2,18.16 3 0
du_ue/internal/uecontext/handle_rrc.go:18.16,21.3 2 0
du_ue/internal/uecontext/handle_rrc.go:23.2,23.37 1 0
du_ue/internal/uecontext/handle_rrc.go:27.77,28.64 1 0
du_ue/internal/uecontext/handle_rrc.go:28.64,31.3 2 0
du_ue/internal/uecontext/handle_rrc.go:33.2,34.15 2 0
du_ue/internal/uecontext/handle_rrc.go:34.15,37.3 2 0
du_ue/internal/uecontext/handle_rrc.go:39.2,39.19 1 0
du_ue/internal/uecontext/handle_rrc.go:40.66,42.38 1 0
du_ue/internal/uecontext/handle_rrc.go:42.38,44.4 1 0
du_ue/internal/uecontext/handle_rrc.go:46.63,48.35 1 0
du_ue/internal/uecontext/handle_rrc.go:48.35,50.4 1 0
du_ue/internal/uecontext/handle_rrc.go:52.64,56.13 2 0
du_ue/internal/uecontext/handle_rrc.go:58.10,59.59 1 0
du_ue/internal/uecontext/handle_rrc.go:62.2,62.12 1 0
du_ue/internal/uecontext/handle_rrc.go:66.91,70.115 2 0
du_ue/internal/uecontext/handle_rrc.go:70.115,73.3 2 0
du_ue/internal/uecontext/handle_rrc.go:75.2,76.81 2 0
du_ue/internal/uecontext/handle_rrc.go:76.81,79.3 2 0
du_ue/internal/uecontext/handle_rrc.go:81.2,86.12 4 0
du_ue/internal/uecontext/handle_rrc.go:92.85,97.109 2 0
du_ue/internal/uecontext/handle_rrc.go:97.109,99.17 2 0
du_ue/internal/uecontext/handle_rrc.go:99.17,102.4 1 0
du_ue/internal/uecontext/handle_rrc.go:105.2,106.58 2 0
du_ue/internal/uecontext/handle_rrc.go:106.58,109.3 2 0
du_ue/internal/uecontext/handle_rrc.go:111.2,112.24 2 0
du_ue/internal/uecontext/handle_rrc.go:112.24,115.3 2 0
du_ue/internal/uecontext/handle_rrc.go:116.2,124.12 3 0
du_ue/internal/uecontext/init.go:13.77,24.41 4 0
du_ue/internal/uecontext/init.go:24.41,27.3 2 0
du_ue/internal/uecontext/init.go:30.2,32.9 3 0
du_ue/internal/uecontext/init.go:32.9,35.3 2 0
du_ue/internal/uecontext/init.go:38.2,38.57 1 0
du_ue/internal/uecontext/init.go:38.57,41.3 2 0
du_ue/internal/uecontext/init.go:43.2,43.11 1 0
du_ue/internal/uecontext/init.go:47.45,49.6 2 0
du_ue/internal/uecontext/init.go:49.6,50.10 1 0
du_ue/internal/uecontext/init.go:51.57,52.11 1 0
du_ue/internal/uecontext/init.go:52.11,55.5 2 0
du_ue/internal/uecontext/init.go:56.4,56.59 1 0
du_ue/internal/uecontext/init.go:56.59,58.5 1 0
du_ue/internal/uecontext/init.go:59.24,61.10 2 0
du_ue/internal/uecontext/init.go:66.42,99.16 5 0
du_ue/internal/uecontext/init.go:99.16,101.3 1 0
du_ue/internal/uecontext/init.go:103.2,106.12 3 0
du_ue/internal/uecontext/init.go:111.65,116.16 3 0
du_ue/internal/uecontext/init.go:116.16,119.3 2 0
du_ue/internal/uecontext/init.go:122.2,122.52 1 0
du_ue/internal/uecontext/init.go:122.52,125.3 2 0
du_ue/internal/uecontext/init.go:127.2,130.64 2 0
du_ue/internal/uecontext/init.go:130.64,133.3 2 0
du_ue/internal/uecontext/init.go:135.2,136.15 2 0
du_ue/internal/uecontext/init.go:136.15,139.3 2 0
du_ue/internal/uecontext/init.go:142.2,142.64 1 0
du_ue/internal/uecontext/init.go:142.64,145.3 2 0
du_ue/internal/uecontext/init.go:147.2,147.24 1 0
du_ue/internal/uecontext/init.go:147.24,150.3 2 0
du_ue/internal/uecontext/init.go:152.2,158.53 3 0
du_ue/internal/uecontext/init.go:158.53,161.3 2 0
du_ue/internal/uecontext/init.go:162.2,197.16 5 0
du_ue/internal/uecontext/init.go:197.16,200.3 2 0
du_ue/internal/uecontext/init.go:202.2,213.12 5 0
du_ue/internal/uecontext/pdu_session.go:41.64,53.2 1 1
du_ue/internal/uecontext/pdu_session.go:56.40,60.2 3 1
du_ue/internal/uecontext/pdu_session.go:63.45,68.2 4 1
du_ue/internal/uecontext/pdu_session.go:71.57,72.15 1 1
du_ue/internal/uecontext/pdu_session.go:73.26,74.20 1 1
du_ue/internal/uecontext/pdu_session.go:75.31,76.26 1 1
du_ue/internal/uecontext/pdu_session.go:77.24,78.18 1 1
du_ue/internal/uecontext/pdu_session.go:79.37,80.32 1 1
du_ue/internal/uecontext/pdu_session.go:81.33,82.28 1 1
du_ue/internal/uecontext/pdu_session.go:83.10,84.19 1 0
du_ue/internal/uecontext/pdu_session.go:89.42,94.17 5 1
du_ue/internal/uecontext/pdu_session.go:94.17,96.3 1 1
du_ue/internal/uecontext/pdu_session.go:97.2,97.12 1 1
du_ue/internal/uecontext/pdu_session.go:101.40,105.18 3 1
du_ue/internal/uecontext/pdu_session.go:105.18,108.3 1 1
du_ue/internal/uecontext/pdu_session.go:108.8,108.26 1 1
du_ue/internal/uecontext/pdu_session.go:108.26,113.3 1 1
du_ue/internal/uecontext/pdu_session.go:117.38,121.2 3 1
du_ue/internal/uecontext/pdu_session.go:124.39,126.2 1 1
du_ue/internal/uecontext/trigger.go:8.54,21.16 8 0
du_ue/internal/uecontext/trigger.go:21.16,24.3 2 0
du_ue/internal/uecontext/trigger.go:27.2,35.12 6 0
du_ue/internal/uecontext/trigger_pdu_session.go:10.81,14.16 3 1
du_ue/internal/uecontext/trigger_pdu_session.go:14.16,17.3 2 0
du_ue/internal/uecontext/trigger_pdu_session.go:19.2,27.12 4 1
du_ue/internal/uecontext/trigger_pdu_session.go:34.3,50.16 8 1
du_ue/internal/uecontext/trigger_pdu_session.go:50.16,53.3 2 0
du_ue/internal/uecontext/trigger_pdu_session.go:56.2,57.59 2 1
du_ue/internal/uecontext/trigger_pdu_session.go:61.82,64.47 2 1
du_ue/internal/uecontext/trigger_pdu_session.go:64.47,67.3 2 1
du_ue/internal/uecontext/trigger_pdu_session.go:70.2,78.47 6 1
du_ue/internal/uecontext/trigger_pdu_session.go:82.83,85.49 2 0
du_ue/internal/uecontext/trigger_pdu_session.go:85.49,88.3 2 0
du_ue/internal/uecontext/trigger_pdu_session.go:91.2,100.37 7 0
du_ue/internal/uecontext/trigger_pdu_session.go:104.55,110.2 2 1
du_ue/internal/uecontext/trigger_pdu_session.go:113.64,119.2 2 1
du_ue/internal/uecontext/trigger_pdu_session.go:122.64,124.23 2 1
du_ue/internal/uecontext/trigger_pdu_session.go:124.23,127.3 2 1
du_ue/internal/uecontext/trigger_pdu_session.go:129.2,129.52 1 1
du_ue/internal/uecontext/trigger_pdu_session.go:133.53,135.30 2 1
du_ue/internal/uecontext/trigger_pdu_session.go:135.30,138.3 2 0
du_ue/internal/uecontext/trigger_pdu_session.go:140.2,141.41 2 1
du_ue/internal/uecontext/trigger_pdu_session.go:141.41,143.3 1 1
du_ue/internal/uecontext/trigger_pdu_session.go:149.62,154.27 3 1
du_ue/internal/uecontext/trigger_pdu_session.go:154.27,155.28 1 1
du_ue/internal/uecontext/trigger_pdu_session.go:155.28,160.4 4 1
du_ue/internal/uecontext/trigger_pdu_session.go:163.2,163.73 1 1
du_ue/internal/uecontext/trigger_pdu_session.go:167.65,168.38 1 1
du_ue/internal/uecontext/trigger_pdu_session.go:168.38,170.3 1 1
du_ue/internal/uecontext/trigger_pdu_session.go:171.2,173.31 3 1
du_ue/internal/uecontext/trigger_pdu_session.go:177.57,178.38 1 1
du_ue/internal/uecontext/trigger_pdu_session.go:178.38,180.3 1 0
du_ue/internal/uecontext/trigger_pdu_session.go:181.2,184.35 3 1
du_ue/internal/uecontext/trigger_pdu_session.go:184.35,187.3 2 1
du_ue/internal/uecontext/trigger_pdu_session.go:191.59,196.27 4 1
du_ue/internal/uecontext/trigger_pdu_session.go:196.27,197.57 1 1
du_ue/internal/uecontext/trigger_pdu_session.go:197.57,199.4 1 1
du_ue/internal/uecontext/trigger_pdu_session.go:201.2,201.15 1 1
du_ue/internal/uecontext/trigger_pdu_session.go:210.3,218.24 2 1
du_ue/internal/uecontext/trigger_pdu_session.go:218.24,220.3 1 1
du_ue/internal/uecontext/trigger_pdu_session.go:223.2,223.19 1 1
du_ue/internal/uecontext/trigger_pdu_session.go:223.19,224.60 1 1
du_ue/internal/uecontext/trigger_pdu_session.go:224.60,226.4 1 1
du_ue/internal/uecontext/trigger_pdu_session.go:230.2,235.16 4 1
du_ue/internal/uecontext/trigger_pdu_session.go:235.16,238.3 2 0
du_ue/internal/uecontext/trigger_pdu_session.go:240.2,241.45 2 1
du_ue/internal/uecontext/ue.go:60.14,74.23 3 1
du_ue/internal/uecontext/ue.go:74.23,77.3 2 1
du_ue/internal/uecontext/ue.go:77.8,80.3 2 0
du_ue/internal/uecontext/ue.go:81.2,97.11 8 1
du_ue/internal/uecontext/ue.go:102.40,105.6 2 0
du_ue/internal/uecontext/ue.go:105.6,106.10 1 0
du_ue/internal/uecontext/ue.go:107.50,108.11 1 0
du_ue/internal/uecontext/ue.go:108.11,111.5 2 0
du_ue/internal/uecontext/ue.go:113.4,114.56 2 0
du_ue/internal/uecontext/ue.go:114.56,116.5 1 0
du_ue/internal/uecontext/ue.go:118.24,120.10 2 0
du_ue/internal/uecontext/ue.go:125.39,127.2 1 0
du_ue/internal/uecontext/ue.go:129.39,133.2 3 0
du_ue/internal/uecontext/ue.go:135.44,139.2 3 0
du_ue/internal/uecontext/ue.go:141.45,146.2 4 0
du_ue/internal/uecontext/ue.go:149.54,150.22 1 1
du_ue/internal/uecontext/ue.go:150.22,152.3 1 1
du_ue/internal/uecontext/ue.go:153.2,153.12 1 0
du_ue/internal/uecontext/ue.go:156.81,163.2 3 1
du_ue/internal/uecontext/ue.go:165.58,166.55 1 0
du_ue/internal/uecontext/ue.go:166.55,169.3 2 0
du_ue/internal/uecontext/ue.go:170.2,172.31 3 0
du_ue/internal/uecontext/ue.go:175.34,179.2 3 0
du_ue/internal/uecontext/ue.go:181.75,202.16 3 1
du_ue/internal/uecontext/ue.go:202.16,205.3 2 0
du_ue/internal/uecontext/ue.go:207.2,207.31 1 1
du_ue/internal/uecontext/ue_handover.go:29.40,34.2 1 1
du_ue/internal/uecontext/ue_handover.go:37.49,49.37 7 0
du_ue/internal/uecontext/ue_handover.go:49.37,52.3 2 0
du_ue/internal/uecontext/ue_handover.go:54.2,54.12 1 0
du_ue/internal/uecontext/ue_handover.go:58.93,135.16 13 0
du_ue/internal/uecontext/ue_handover.go:135.16,138.3 2 0
du_ue/internal/uecontext/ue_handover.go:141.2,143.12 3 0
du_ue/internal/uecontext/ue_handover.go:147.70,152.57 3 0
du_ue/internal/uecontext/ue_handover.go:152.57,155.3 2 0
du_ue/internal/uecontext/ue_handover.go:158.2,159.50 1 0
du_ue/internal/uecontext/ue_handover.go:159.50,162.3 2 0
du_ue/internal/uecontext/ue_handover.go:164.2,171.79 4 0
du_ue/internal/uecontext/ue_handover.go:171.79,175.125 2 0
du_ue/internal/uecontext/ue_handover.go:175.125,177.4 1 0
du_ue/internal/uecontext/ue_handover.go:177.9,180.65 1 0
du_ue/internal/uecontext/ue_handover.go:180.65,183.5 2 0
du_ue/internal/uecontext/ue_handover.go:187.2,187.16 1 0
du_ue/internal/uecontext/ue_handover.go:187.16,191.3 2 0
du_ue/internal/uecontext/ue_handover.go:191.8,193.3 1 0
du_ue/internal/uecontext/ue_handover.go:195.2,195.12 1 0
du_ue/internal/uecontext/ue_handover.go:199.44,211.60 6 0
du_ue/internal/uecontext/ue_handover.go:211.60,214.3 2 0
du_ue/internal/uecontext/ue_handover.go:216.2,216.44 1 0
du_ue/internal/uecontext/ue_handover.go:220.61,246.16 6 0
du_ue/internal/uecontext/ue_handover.go:246.16,249.3 2 0
du_ue/internal/uecontext/ue_handover.go:252.2,254.12 3 0
du_ue/internal/uecontext/ue_rrc_handler.go:11.62,12.24 1 0
du_ue/internal/uecontext/ue_rrc_handler.go:12.24,15.3 2 0
du_ue/internal/uecontext/ue_rrc_handler.go:17.2,21.57 3 0
du_ue/internal/uecontext/ue_rrc_handler.go:21.57,23.3 1 0
du_ue/internal/uecontext/ue_rrc_handler.go:26.2,27.57 2 0
du_ue/internal/uecontext/ue_rrc_handler.go:27.57,29.3 1 0
du_ue/internal/uecontext/ue_rrc_handler.go:31.2,32.51 2 0
du_ue/internal/uecontext/ue_rrc_handler.go:36.77,37.27 1 0
du_ue/internal/uecontext/ue_rrc_handler.go:37.27,39.3 1 0
du_ue/internal/uecontext/ue_rrc_handler.go:41.2,41.31 1 0
du_ue/internal/uecontext/ue_rrc_handler.go:42.53,44.52 2 0
du_ue/internal/uecontext/ue_rrc_handler.go:45.54,47.47 2 0
du_ue/internal/uecontext/ue_rrc_handler.go:48.10,49.51 1 0
du_ue/internal/uecontext/ue_rrc_handler.go:52.2,52.12 1 0
du_ue/internal/uecontext/ue_rrc_handler.go:56.77,57.27 1 0
du_ue/internal/uecontext/ue_rrc_handler.go:57.27,59.3 1 0
du_ue/internal/uecontext/ue_rrc_handler.go:61.2,61.31 1 0
du_ue/internal/uecontext/ue_rrc_handler.go:62.66,64.78 2 0
du_ue/internal/uecontext/ue_rrc_handler.go:66.63,68.79 2 0
du_ue/internal/uecontext/ue_rrc_handler.go:70.55,72.56 2 0
du_ue/internal/uecontext/ue_rrc_handler.go:74.10,75.78 1 0
du_ue/internal/uecontext/ue_rrc_handler.go:78.2,78.12 1 0
du_ue/internal/uecontext/ue_rrc_handler.go:82.92,83.54 1 0
du_ue/internal/uecontext/ue_rrc_handler.go:83.54,85.3 1 0
du_ue/internal/uecontext/ue_rrc_handler.go:87.2,91.43 3 0
du_ue/internal/uecontext/ue_rrc_handler.go:91.43,94.87 2 0
du_ue/internal/uecontext/ue_rrc_handler.go:94.87,96.65 1 0
du_ue/internal/uecontext/ue_rrc_handler.go:96.65,100.5 3 0
du_ue/internal/uecontext/ue_rrc_handler.go:104.2,104.17 1 0
du_ue/internal/uecontext/ue_rrc_handler.go:104.17,111.71 2 0
du_ue/internal/uecontext/ue_rrc_handler.go:111.71,116.4 3 0
du_ue/internal/uecontext/ue_rrc_handler.go:120.2,120.44 1 0
du_ue/internal/uecontext/ue_rrc_handler.go:124.99,130.44 3 0
du_ue/internal/uecontext/ue_rrc_handler.go:130.44,132.3 1 0
du_ue/internal/uecontext/ue_rrc_handler.go:136.2,136.44 1 0
du_ue/internal/uecontext/ue_rrc_handler.go:136.44,138.3 1 0
du_ue/internal/uecontext/ue_rrc_handler.go:141.2,144.12 3 0
du_ue/internal/uecontext/ue_rrc_handler.go:148.65,153.2 2 0
du_ue/internal/uecontext/ue_rrc_handler.go:156.91,157.57 1 0
du_ue/internal/uecontext/ue_rrc_handler.go:157.57,159.3 1 0
du_ue/internal/uecontext/ue_rrc_handler.go:161.2,162.40 2 0
du_ue/internal/uecontext/ue_rrc_handler.go:162.40,164.3 1 0
du_ue/internal/uecontext/ue_rrc_handler.go:167.2,172.12 4 0
du_ue/internal/uecontext/ue_rrc_handler.go:176.69,180.2 3 0
du_ue/internal/uecontext/ue_rrc_handler.go:183.51,187.53 2 0
du_ue/internal/uecontext/ue_rrc_handler.go:187.53,189.3 1 0
du_ue/internal/uecontext/ue_rrc_handler.go:192.2,221.16 5 0
du_ue/internal/uecontext/ue_rrc_handler.go:221.16,224.3 2 0
du_ue/internal/uecontext/ue_rrc_handler.go:227.2,229.12 3 0
du_ue/internal/uecontext/utils.go:5.40,8.19 2 1
du_ue/internal/uecontext/utils.go:8.19,10.3 1 1
du_ue/internal/uecontext/utils.go:10.8,12.3 1 0
du_ue/internal/uecontext/utils.go:13.2,13.13 1 1
du_ue/internal/uecontext/utils.go:16.48,17.19 1 0
du_ue/internal/uecontext/utils.go:18.30,19.22 1 0
du_ue/internal/uecontext/utils.go:20.35,21.28 1 0
du_ue/internal/uecontext/utils.go:22.30,23.36 1 0
du_ue/internal/uecontext/utils.go:24.42,25.36 1 0
du_ue/internal/uecontext/utils.go:26.58,27.56 1 0
du_ue/internal/uecontext/utils.go:28.43,29.36 1 0
du_ue/internal/uecontext/utils.go:30.35,31.28 1 0
du_ue/internal/uecontext/utils.go:32.43,33.37 1 0
du_ue/internal/uecontext/utils.go:34.56,35.53 1 0
du_ue/internal/uecontext/utils.go:36.50,37.46 1 0
du_ue/internal/uecontext/utils.go:38.31,39.23 1 0
du_ue/internal/uecontext/utils.go:40.33,41.25 1 0
du_ue/internal/uecontext/utils.go:42.31,43.22 1 0
du_ue/internal/uecontext/utils.go:44.51,45.45 1 0
du_ue/internal/uecontext/utils.go:46.52,47.47 1 0
du_ue/internal/uecontext/utils.go:48.52,49.46 1 0
du_ue/internal/uecontext/utils.go:50.37,51.31 1 0
du_ue/internal/uecontext/utils.go:52.42,53.35 1 0
du_ue/internal/uecontext/utils.go:54.37,55.30 1 0
du_ue/internal/uecontext/utils.go:56.54,57.50 1 0
du_ue/internal/uecontext/utils.go:58.64,59.61 1 0
du_ue/internal/uecontext/utils.go:60.58,61.53 1 0
du_ue/internal/uecontext/utils.go:62.38,63.32 1 0
du_ue/internal/uecontext/utils.go:64.50,65.47 1 0
du_ue/internal/uecontext/utils.go:66.48,67.42 1 0
du_ue/internal/uecontext/utils.go:68.43,69.37 1 0
du_ue/internal/uecontext/utils.go:70.61,71.60 1 0
du_ue/internal/uecontext/utils.go:72.67,73.65 1 0
du_ue/internal/uecontext/utils.go:74.49,75.42 1 0
du_ue/internal/uecontext/utils.go:76.48,77.41 1 0
du_ue/internal/uecontext/utils.go:78.59,79.57 1 0
du_ue/internal/uecontext/utils.go:80.65,81.63 1 0
du_ue/internal/uecontext/utils.go:82.66,83.63 1 0
du_ue/internal/uecontext/utils.go:84.39,85.32 1 0
du_ue/internal/uecontext/utils.go:86.61,87.58 1 0
du_ue/internal/uecontext/utils.go:88.45,89.70 1 0
du_ue/internal/uecontext/utils.go:90.10,91.70 1 0
